// Jest Snapshot v1, https://goo.gl/fbAQLP

exports[`Test CalculatorItems Component it should render CalculatorItems snapshot when loaded 1`] = `
Array [
  <Fragment>
    <input
      disabled={false}
      key="1"
      onClick={[Function]}
      type="button"
      value="1"
    />
  </Fragment>,
  <Fragment>
    <input
      disabled={false}
      key="2"
      onClick={[Function]}
      type="button"
      value="2"
    />
  </Fragment>,
  <Fragment>
    <input
      disabled={false}
      key="3"
      onClick={[Function]}
      type="button"
      value="3"
    />
  </Fragment>,
  <Fragment>
    <input
      className="operator"
      disabled={false}
      key=" + "
      onClick={[Function]}
      type="button"
      value=" + "
    />
    <br />
  </Fragment>,
  <Fragment>
    <input
      disabled={false}
      key="4"
      onClick={[Function]}
      type="button"
      value="4"
    />
  </Fragment>,
  <Fragment>
    <input
      disabled={false}
      key="5"
      onClick={[Function]}
      type="button"
      value="5"
    />
  </Fragment>,
  <Fragment>
    <input
      disabled={false}
      key="6"
      onClick={[Function]}
      type="button"
      value="6"
    />
    <br />
  </Fragment>,
  <Fragment>
    <input
      className="operator"
      disabled={false}
      key=" - "
      onClick={[Function]}
      type="button"
      value=" - "
    />
  </Fragment>,
  <Fragment>
    <input
      disabled={false}
      key="7"
      onClick={[Function]}
      type="button"
      value="7"
    />
  </Fragment>,
  <Fragment>
    <input
      disabled={false}
      key="8"
      onClick={[Function]}
      type="button"
      value="8"
    />
    <br />
  </Fragment>,
  <Fragment>
    <input
      disabled={false}
      key="9"
      onClick={[Function]}
      type="button"
      value="9"
    />
  </Fragment>,
  <Fragment>
    <input
      className="operator"
      disabled={false}
      key=" * "
      onClick={[Function]}
      type="button"
      value=" * "
    />
  </Fragment>,
  <Fragment>
    <input
      disabled={false}
      key="x+x"
      onClick={[Function]}
      type="button"
      value="x+x"
    />
    <br />
  </Fragment>,
  <Fragment>
    <input
      disabled={false}
      key="x-x"
      onClick={[Function]}
      type="button"
      value="x-x"
    />
  </Fragment>,
  <Fragment>
    <input
      disabled={false}
      key="x*x"
      onClick={[Function]}
      type="button"
      value="x*x"
    />
  </Fragment>,
  <Fragment>
    <input
      disabled={false}
      key="x/x"
      onClick={[Function]}
      type="button"
      value="x/x"
    />
    <br />
  </Fragment>,
  <Fragment>
    <input
      className="clear"
      disabled={false}
      key="C"
      onClick={[Function]}
      type="button"
      value="C"
    />
  </Fragment>,
  <Fragment>
    <input
      disabled={false}
      key="0"
      onClick={[Function]}
      type="button"
      value="0"
    />
  </Fragment>,
  <Fragment>
    <input
      className="equal"
      disabled={false}
      key=" = "
      onClick={[Function]}
      type="button"
      value=" = "
    />
    <br />
  </Fragment>,
  <Fragment>
    <input
      className="operator"
      disabled={false}
      key=" / "
      onClick={[Function]}
      type="button"
      value=" / "
    />
  </Fragment>,
]
`;
